#-----------------------------------------------------------
# Vivado v2024.1 (64-bit)
# SW Build 5076996 on Wed May 22 18:37:14 MDT 2024
# IP Build 5075265 on Wed May 22 21:45:21 MDT 2024
# SharedData Build 5076995 on Wed May 22 18:29:18 MDT 2024
# Start of session at: Mon Mar  2 03:46:51 2026
# Process ID: 18020
# Current directory: C:/Users/samdl/ES3B2/VGA/VGA.runs/clk_wiz_0_synth_1
# Command line: vivado.exe -log clk_wiz_0.vds -product Vivado -mode batch -messageDb vivado.pb -notrace -source clk_wiz_0.tcl
# Log file: C:/Users/samdl/ES3B2/VGA/VGA.runs/clk_wiz_0_synth_1/clk_wiz_0.vds
# Journal file: C:/Users/samdl/ES3B2/VGA/VGA.runs/clk_wiz_0_synth_1\vivado.jou
# Running On        :PC
# Platform          :Windows Server 2016 or Windows 10
# Operating System  :26200
# Processor Detail  :AMD Ryzen 5 9600X 6-Core Processor             
# CPU Frequency     :3893 MHz
# CPU Physical cores:6
# CPU Logical cores :12
# Host memory       :33377 MB
# Swap memory       :9126 MB
# Total Virtual     :42504 MB
# Available Virtual :13614 MB
#-----------------------------------------------------------
source clk_wiz_0.tcl -notrace
